2025-06-27 05:20:34,530 - WARNING - _log -  * Debugger is active!
2025-06-27 08:17:50,651 - ERROR - _log - 3.130.96.91 - - [27/Jun/2025 08:17:50] code 400, message Bad request version ('À\x14À')
2025-06-27 08:19:47,325 - ERROR - _log - 3.130.96.91 - - [27/Jun/2025 08:19:47] code 400, message Bad request syntax ('SSH-2.0-Go')
2025-06-27 08:21:58,448 - ERROR - _log - 3.130.96.91 - - [27/Jun/2025 08:21:58] code 400, message Bad HTTP/0.9 request type ('\x16\x03\x01\x00{\x01\x00\x00w\x03\x03\x01mE0\x08ªq´i¥z9I$R\x9cI{¿\x9bã|&&h\x93!qÛám\x13\x00\x00\x1aÀ/À+À\x11À\x07À\x13À')
2025-06-27 11:34:33,627 - WARNING - _log -  * Debugger is active!
2025-06-27 11:38:12,487 - WARNING - _log -  * Debugger is active!
2025-06-27 11:39:27,971 - WARNING - _log -  * Debugger is active!
2025-06-27 11:43:39,880 - WARNING - _log -  * Debugger is active!
2025-06-27 11:43:44,196 - WARNING - _log -  * Debugger is active!
2025-06-27 11:44:12,566 - WARNING - _log -  * Debugger is active!
2025-06-27 11:47:29,416 - WARNING - _log -  * Debugger is active!
2025-06-27 11:47:45,334 - WARNING - get_all_details - Enter valid password
2025-06-27 13:35:22,478 - WARNING - _log -  * Debugger is active!
2025-06-27 13:51:48,752 - WARNING - _log -  * Debugger is active!
2025-06-27 13:52:26,088 - WARNING - _log -  * Debugger is active!
2025-06-27 13:52:58,424 - WARNING - _log -  * Debugger is active!
2025-06-27 13:54:03,824 - WARNING - _log -  * Debugger is active!
2025-06-27 13:54:33,149 - WARNING - _log -  * Debugger is active!
2025-06-27 14:04:09,644 - WARNING - _log -  * Debugger is active!
2025-06-27 14:08:44,057 - WARNING - _log -  * Debugger is active!
2025-06-27 14:11:16,630 - WARNING - _log -  * Debugger is active!
2025-06-27 14:11:33,951 - WARNING - _log -  * Debugger is active!
2025-06-27 14:12:56,105 - WARNING - _log -  * Debugger is active!
2025-06-27 14:21:19,385 - WARNING - _log -  * Debugger is active!
2025-06-27 14:21:48,728 - WARNING - _log -  * Debugger is active!
2025-06-27 14:22:07,040 - WARNING - _log -  * Debugger is active!
2025-06-27 14:23:33,475 - WARNING - _log -  * Debugger is active!
2025-06-27 14:23:35,618 - WARNING - _log -  * Debugger is active!
2025-06-27 14:26:30,697 - WARNING - _log -  * Debugger is active!
2025-06-27 15:37:34,127 - WARNING - _log -  * Debugger is active!
2025-06-27 15:38:19,482 - WARNING - _log -  * Debugger is active!
2025-06-27 15:49:11,050 - WARNING - _log -  * Debugger is active!
2025-06-27 15:50:36,864 - ERROR - _log - 159.203.29.134 - - [27/Jun/2025 15:50:36] code 400, message Bad request version ('À\x14À')
2025-06-27 15:50:37,385 - ERROR - _log - 159.203.29.134 - - [27/Jun/2025 15:50:37] code 400, message Bad request version ('À\x14À')
2025-06-27 15:50:37,896 - ERROR - _log - 159.203.29.134 - - [27/Jun/2025 15:50:37] code 400, message Bad request version ('À\x14À')
2025-06-27 15:56:46,274 - WARNING - _log -  * Debugger is active!
2025-06-27 15:58:03,695 - WARNING - _log -  * Debugger is active!
2025-06-27 16:00:23,248 - WARNING - _log -  * Debugger is active!
2025-06-27 16:00:41,588 - WARNING - _log -  * Debugger is active!
2025-06-27 16:00:45,866 - WARNING - _log -  * Debugger is active!
2025-06-27 16:00:54,152 - WARNING - _log -  * Debugger is active!
2025-06-27 16:49:47,375 - WARNING - _log -  * Debugger is active!
2025-06-27 16:49:50,647 - WARNING - _log -  * Debugger is active!
