2025-06-28 10:25:27,304 - WARNING - _log -  * Debugger is active!
2025-06-28 10:26:31,280 - WARNING - reset_password_details - Username/Mail ID does not exist
2025-06-28 11:55:21,344 - WARNING - _log -  * Debugger is active!
2025-06-28 11:56:03,759 - WARNING - _log -  * Debugger is active!
2025-06-28 11:58:37,457 - WARNING - _log -  * Debugger is active!
2025-06-28 11:59:11,845 - WARNING - _log -  * Debugger is active!
2025-06-28 12:00:07,289 - WARNING - _log -  * Debugger is active!
2025-06-28 12:46:06,413 - WARNING - _log -  * Debugger is active!
2025-06-28 12:50:10,324 - WARNING - _log -  * Debugger is active!
2025-06-28 13:00:07,103 - WARNING - _log -  * Debugger is active!
2025-06-28 13:02:31,767 - WARNING - _log -  * Debugger is active!
2025-06-28 13:03:14,177 - WARNING - _log -  * Debugger is active!
2025-06-28 13:03:39,538 - WARNING - _log -  * Debugger is active!
2025-06-28 13:07:09,367 - WARNING - _log -  * Debugger is active!
2025-06-28 13:07:35,731 - WARNING - _log -  * Debugger is active!
2025-06-28 13:09:39,351 - WARNING - _log -  * Debugger is active!
2025-06-28 13:18:01,903 - WARNING - _log -  * Debugger is active!
2025-06-28 13:19:54,499 - WARNING - _log -  * Debugger is active!
2025-06-28 13:21:53,094 - WARNING - _log -  * Debugger is active!
2025-06-28 13:21:56,396 - WARNING - _log -  * Debugger is active!
2025-06-28 13:22:12,740 - WARNING - _log -  * Debugger is active!
2025-06-28 13:24:42,427 - WARNING - _log -  * Debugger is active!
2025-06-28 13:25:24,836 - WARNING - _log -  * Debugger is active!
2025-06-28 13:26:35,318 - WARNING - _log -  * Debugger is active!
2025-06-28 13:28:28,928 - WARNING - _log -  * Debugger is active!
2025-06-28 15:03:59,788 - WARNING - _log -  * Debugger is active!
2025-06-28 15:11:13,177 - WARNING - _log -  * Debugger is active!
2025-06-28 15:37:03,317 - WARNING - _log -  * Debugger is active!
2025-06-28 15:37:10,637 - WARNING - _log -  * Debugger is active!
2025-06-28 15:37:14,525 - WARNING - _log -  * Debugger is active!
2025-06-28 15:48:47,587 - WARNING - _log -  * Debugger is active!
2025-06-28 15:50:05,085 - WARNING - _log -  * Debugger is active!
2025-06-28 15:51:51,660 - WARNING - _log -  * Debugger is active!
2025-06-28 15:55:40,543 - WARNING - _log -  * Debugger is active!
2025-06-28 15:59:08,356 - WARNING - _log -  * Debugger is active!
2025-06-28 16:01:31,021 - WARNING - _log -  * Debugger is active!
2025-06-28 16:03:51,669 - WARNING - _log -  * Debugger is active!
2025-06-28 16:08:58,752 - WARNING - _log -  * Debugger is active!
2025-06-28 16:10:47,343 - WARNING - _log -  * Debugger is active!
2025-06-28 16:11:52,890 - ERROR - _log - 3.131.215.38 - - [28/Jun/2025 16:11:52] code 400, message Bad request version ('À\x14À')
2025-06-28 16:13:25,631 - ERROR - _log - 3.131.215.38 - - [28/Jun/2025 16:13:25] code 400, message Bad request syntax ('SSH-2.0-Go')
2025-06-28 16:14:25,455 - ERROR - _log - 3.131.215.38 - - [28/Jun/2025 16:14:25] code 400, message Bad request version ('À\x14À')
2025-06-28 16:32:20,915 - WARNING - _log -  * Debugger is active!
2025-06-28 19:21:07,960 - WARNING - _log -  * Debugger is active!
2025-06-28 19:31:12,874 - WARNING - _log -  * Debugger is active!
2025-06-28 19:35:17,807 - WARNING - _log -  * Debugger is active!
2025-06-28 19:36:11,245 - WARNING - _log -  * Debugger is active!
2025-06-28 19:40:03,157 - WARNING - _log -  * Debugger is active!
2025-06-28 19:48:51,856 - WARNING - _log -  * Debugger is active!
2025-06-28 19:51:11,515 - WARNING - _log -  * Debugger is active!
2025-06-28 19:52:25,730 - WARNING - get_all_details - Number already exist
2025-06-28 19:53:47,227 - WARNING - _log -  * Debugger is active!
2025-06-28 19:54:30,172 - WARNING - get_all_details - Password does not match
2025-06-28 19:56:05,896 - WARNING - _log -  * Debugger is active!
2025-06-28 19:56:10,215 - WARNING - _log -  * Debugger is active!
2025-06-28 21:21:53,236 - WARNING - _log -  * Debugger is active!
2025-06-28 21:36:28,738 - WARNING - _log -  * Debugger is active!
2025-06-28 21:56:29,029 - WARNING - _log -  * Debugger is active!
2025-06-28 21:57:11,442 - WARNING - _log -  * Debugger is active!
2025-06-28 21:59:59,567 - ERROR - _log - 159.65.219.139 - - [28/Jun/2025 21:59:59] code 400, message Bad request version ('\x0f¼Æ;I#')
2025-06-28 22:02:40,579 - WARNING - _log -  * Debugger is active!
2025-06-28 22:02:52,918 - WARNING - _log -  * Debugger is active!
2025-06-28 22:08:28,079 - WARNING - _log -  * Debugger is active!
2025-06-28 22:09:57,623 - WARNING - _log -  * Debugger is active!
2025-06-28 22:26:17,424 - WARNING - _log -  * Debugger is active!
2025-06-28 22:32:39,346 - WARNING - _log -  * Debugger is active!
2025-06-28 22:38:25,575 - WARNING - _log -  * Debugger is active!
2025-06-28 22:50:11,685 - WARNING - _log -  * Debugger is active!
2025-06-28 22:50:37,049 - WARNING - _log -  * Debugger is active!
2025-06-28 22:55:59,177 - WARNING - _log -  * Debugger is active!
2025-06-28 22:57:12,202 - WARNING - _log -  * Debugger is active!
2025-06-28 22:57:42,601 - WARNING - _log -  * Debugger is active!
2025-06-28 22:58:55,101 - WARNING - _log -  * Debugger is active!
2025-06-28 23:01:03,735 - WARNING - _log -  * Debugger is active!
2025-06-28 23:02:36,286 - WARNING - _log -  * Debugger is active!
2025-06-28 23:03:24,716 - WARNING - _log -  * Debugger is active!
2025-06-28 23:14:21,701 - WARNING - _log -  * Debugger is active!
